8 rnbqkb r
7 ppppp _p
6  _ _ np_
5 _ _ _p_ 
4  _ _ _P_
3 _ _ _N_B
2 PPPPPP P
1 RNBQ_RK 
