8  _kr bnr
7 pppqpppp
6  _n_b_ _
5 _ _p_ _ 
4  _ P _ _
3 _ N B _ 
2 PPPQPPPP
1 _ KR_BNR
