8 rnb_kbnr
7 pppp_ppp
6  _ _ _ _
5 _ _ p _ 
4  _ _ PPq
3 _ _ _ _ 
2 PPPPP_ P
1 RNBQKBNR
