8 r_b_k_ r
7 _pp _ pp
6  _n_Pn _
5 p _p_ _q
4  _ P P _
3 _ PQ_ _ 
2 PP _P_BP
1 RN_ K _R
