8 rnbqkbnr
7 _ p pppp
6 pP _ _ _
5 _ _ _ _ 
4  _ _ _ _
3 _ pP_ _ 
2  P _PPPP
1 RNBQKBNR
